##############################################################################
#                                                                            #
#     IAR Universal Librarian V5.7.0.39              05/Oct/2017  08:12:24   #
#                                                                            #
#           Command           = list-entries                                 #
#           Object file       = Router-Pro.lib                               #
#           List file         = list.lst                                     #
#           Start module      = Default parameter                            #
#           End module        = Default parameter                            #
#                                                                            #
#                      Copyright 1988-2013 IAR Systems. All rights reserved. #
##############################################################################


       1.  Lib  APS
             Ent   APSDE_DataCnf::?relay
             Ent   APSDE_DataConfirm::?relay
             Ent   APSDE_DataIndication::?relay
             Ent   APSDE_DataReq::?relay
             Ent   APSDE_DataReqMTU::?relay
             Ent   APSDE_FrameAlloc::?relay
             Ent   APSDE_FrameBlkFree::?relay
             Ent   APSDE_FrameBlkInit::?relay
             Ent   APSDE_FrameHdrInit::?relay
             Ent   APSDE_FrameHdrSet::?relay
             Ent   APSDE_FrameSend::?relay
             Ent   APSDE_ParseMsg::?relay
             Ent   APSDE_SetPreProcessFnp::?relay
             Ent   APSF_Init::?relay
             Ent   APSF_ProcessAck::?relay
             Ent   APSF_ProcessEvent::?relay
             Ent   APSF_SendFragmented::?relay
             Ent   APSF_SendOsalMsg::?relay
             Ent   APSME_BindRequest::?relay
             Ent   APSME_CmdFwdToChild::?relay
             Ent   APSME_CmdFwdToTrustCenter::?relay
             Ent   APSME_CmdPkt::?relay
             Ent   APSME_CmdPktCM_CD::?relay
             Ent   APSME_CmdPktCM_ED::?relay
             Ent   APSME_CmdPktCM_RD::?relay
             Ent   APSME_CmdPktNM::?relay
             Ent   APSME_CmdPktRM_CD::?relay
             Ent   APSME_CmdPktRM_ED::?relay
             Ent   APSME_CmdPktRM_RD::?relay
             Ent   APSME_CmdPktSend::?relay
             Ent   APSME_CmdRemoveDevice::?relay
             Ent   APSME_CmdRequestKey::?relay
             Ent   APSME_CmdSwitchKey::?relay
             Ent   APSME_CmdTransportKey::?relay
             Ent   APSME_CmdTunnel::?relay
             Ent   APSME_CmdUpdateDevice::?relay
             Ent   APSME_FrameSecApplyCM::?relay
             Ent   APSME_FrameSecApplyExtCM::?relay
             Ent   APSME_FrameSecApplyExtNM::?relay
             Ent   APSME_FrameSecApplyNM::?relay
             Ent   APSME_FrameSecCM::?relay
             Ent   APSME_FrameSecInit::?relay
             Ent   APSME_FrameSecKeySetup::?relay
             Ent   APSME_FrameSecKeySync::?relay
             Ent   APSME_FrameSecNM::?relay
             Ent   APSME_FrameSecRemoveCM::?relay
             Ent   APSME_FrameSecRemoveNM::?relay
             Ent   APSME_FrameSecSetupCM::?relay
             Ent   APSME_FrameSecSetupNM::?relay
             Ent   APSME_FrameSecurityApply::?relay
             Ent   APSME_FrameSecurityRemove::?relay
             Ent   APSME_FrameTunnel::?relay
             Ent   APSME_GetRequest::?relay
             Ent   APSME_HoldDataRequests::?relay
             Ent   APSME_IsDistributedSecurity::?relay
             Ent   APSME_LinkKeyLoad::?relay
             Ent   APSME_LinkKeySync::?relay
             Ent   APSME_LookupExtAddr::?relay
             Ent   APSME_LookupNwkAddr::?relay
             Ent   APSME_NwkKeyLoad::?relay
             Ent   APSME_NwkKeySync::?relay
             Ent   APSME_RemoveDeviceInd::?relay
             Ent   APSME_RemoveDeviceReq::?relay
             Ent   APSME_RequestKeyInd::?relay
             Ent   APSME_RequestKeyReq::?relay
             Ent   APSME_SecurityCM_CD::?relay
             Ent   APSME_SecurityCM_ED::?relay
             Ent   APSME_SecurityCM_RD::?relay
             Ent   APSME_SecurityNM::?relay
             Ent   APSME_SecurityRM_CD::?relay
             Ent   APSME_SecurityRM_ED::?relay
             Ent   APSME_SecurityRM_RD::?relay
             Ent   APSME_SetRequest::?relay
             Ent   APSME_SwitchKeyInd::?relay
             Ent   APSME_SwitchKeyReq::?relay
             Ent   APSME_TransportKeyInd::?relay
             Ent   APSME_TransportKeyReq::?relay
             Ent   APSME_UnBindRequest::?relay
             Ent   APSME_UpdateDeviceInd::?relay
             Ent   APSME_UpdateDeviceReq::?relay
             Ent   APS_CmdInd::?relay
             Ent   APS_Init::?relay
             Ent   APS_ReflectorInit::?relay
             Ent   APS_SetEndDeviceBindTimeout::?relay
             Ent   APS_event_loop::?relay
             Ent   NLDE_FrameDataLoad::?relay
             Ent   SSP_BuildAuxHdr2::?relay
             Ent   SSP_BuildAuxHdr::?relay
             Ent   SSP_BuildNonce::?relay
             Ent   SSP_GetMacTags::?relay
             Ent   SSP_GetMicLen::?relay
             Ent   SSP_GetMicLenProc::?relay
             Ent   SSP_GetNwkKey::?relay
             Ent   SSP_GetTrueRand::?relay
             Ent   SSP_GetTrueRandAES::?relay
             Ent   SSP_Init::?relay
             Ent   SSP_KeyedHash::?relay
             Ent   SSP_MemCpyReverse::?relay
             Ent   SSP_NwkSecurity::?relay
             Ent   SSP_NwkSecurityProc::?relay
             Ent   SSP_ParseAuxHdr::?relay
             Ent   SSP_Process::?relay
             Ent   SSP_ReadNwkActiveKey::?relay
             Ent   SSP_StoreRandomSeedNV::?relay
             Ent   SSP_SwitchNwkKey::?relay
             Ent   SSP_UpdateNwkKey::?relay
             Ent   apsGenerateAck::?relay
             Ent   apsProcessAck::?relay
             Ent   aps_AddGroup::?relay
             Ent   aps_CountAllGroups::?relay
             Ent   aps_CountGroups::?relay
             Ent   aps_FindAllGroupsForEndpoint::?relay
             Ent   aps_FindGroup::?relay
             Ent   aps_FindGroupForEndpoint::?relay
             Ent   aps_GroupsInitNV::?relay
             Ent   aps_GroupsRestoreFromNV::?relay
             Ent   aps_GroupsSetDefaultNV::?relay
             Ent   aps_GroupsWriteNV::?relay
             Ent   aps_RemoveAllGroup::?relay
             Ent   aps_RemoveGroup::?relay
             Ent   ccmStar::?relay
             Ent   reflectTrack_RemoveEntryNotify::?relay
             Ent   sspAesDecrypt::?relay
             Ent   sspAesEncrypt::?relay
             Ent   sspMMOHash::?relay
             Ent   AIB_MaxBindingTime
             Ent   AIB_apsTrustCenterAddress
             Ent   AIB_apsUseExtendedPANID
             Ent   AIB_apsUseInsecureJoin
             Ent   APSDE_DataCnf
             Ent   APSDE_DataConfirm
             Ent   APSDE_DataIndication
             Ent   APSDE_DataReq
             Ent   APSDE_DataReqMTU
             Ent   APSDE_FrameAlloc
             Ent   APSDE_FrameBlkFree
             Ent   APSDE_FrameBlkInit
             Ent   APSDE_FrameHdrInit
             Ent   APSDE_FrameHdrSet
             Ent   APSDE_FrameSend
             Ent   APSDE_ParseMsg
             Ent   APSDE_SetPreProcessFnp
             Ent   APSF_Init
             Ent   APSF_ProcessAck
             Ent   APSF_ProcessEvent
             Ent   APSF_SendFragmented
             Ent   APSF_SendOsalMsg
             Ent   APSF_taskID
             Ent   APSME_BindRequest
             Ent   APSME_CmdFwdToChild
             Ent   APSME_CmdFwdToTrustCenter
             Ent   APSME_CmdPkt
             Ent   APSME_CmdPktCM_CD
             Ent   APSME_CmdPktCM_ED
             Ent   APSME_CmdPktCM_RD
             Ent   APSME_CmdPktHook
             Ent   APSME_CmdPktNM
             Ent   APSME_CmdPktRM_CD
             Ent   APSME_CmdPktRM_ED
             Ent   APSME_CmdPktRM_RD
             Ent   APSME_CmdPktSend
             Ent   APSME_CmdRemoveDevice
             Ent   APSME_CmdRequestKey
             Ent   APSME_CmdSwitchKey
             Ent   APSME_CmdTransportKey
             Ent   APSME_CmdTunnel
             Ent   APSME_CmdUpdateDevice
             Ent   APSME_FrameSecApplyCM
             Ent   APSME_FrameSecApplyExtCM
             Ent   APSME_FrameSecApplyExtHook
             Ent   APSME_FrameSecApplyExtNM
             Ent   APSME_FrameSecApplyHook
             Ent   APSME_FrameSecApplyNM
             Ent   APSME_FrameSecCM
             Ent   APSME_FrameSecInit
             Ent   APSME_FrameSecKeySetup
             Ent   APSME_FrameSecKeySync
             Ent   APSME_FrameSecNM
             Ent   APSME_FrameSecRemoveCM
             Ent   APSME_FrameSecRemoveHook
             Ent   APSME_FrameSecRemoveNM
             Ent   APSME_FrameSecSetupCM
             Ent   APSME_FrameSecSetupHook
             Ent   APSME_FrameSecSetupNM
             Ent   APSME_FrameSecurityApply
             Ent   APSME_FrameSecurityRemove
             Ent   APSME_FrameTunnel
             Ent   APSME_GetRequest
             Ent   APSME_HoldDataRequests
             Ent   APSME_IsDistributedSecurity
             Ent   APSME_LinkKeyLoad
             Ent   APSME_LinkKeySync
             Ent   APSME_LookupExtAddr
             Ent   APSME_LookupNwkAddr
             Ent   APSME_NwkKeyLoad
             Ent   APSME_NwkKeySync
             Ent   APSME_RemoveDeviceInd
             Ent   APSME_RemoveDeviceReq
             Ent   APSME_RequestKeyInd
             Ent   APSME_RequestKeyReq
             Ent   APSME_SecurityCM_CD
             Ent   APSME_SecurityCM_ED
             Ent   APSME_SecurityCM_RD
             Ent   APSME_SecurityNM
             Ent   APSME_SecurityRM_CD
             Ent   APSME_SecurityRM_ED
             Ent   APSME_SecurityRM_RD
             Ent   APSME_SetRequest
             Ent   APSME_SwitchKeyInd
             Ent   APSME_SwitchKeyReq
             Ent   APSME_TransportKeyInd
             Ent   APSME_TransportKeyReq
             Ent   APSME_UnBindRequest
             Ent   APSME_UpdateDeviceInd
             Ent   APSME_UpdateDeviceReq
             Ent   APS_AllowDataRequests
             Ent   APS_CmdInd
             Ent   APS_Counter
             Ent   APS_Init
             Ent   APS_ReflectorInit
             Ent   APS_SetEndDeviceBindTimeout
             Ent   APS_TaskID
             Ent   APS_event_loop
             Ent   APS_lastDupTime
             Ent   NLDE_FrameDataLoad
             Ent   SSP_BuildAuxHdr
             Ent   SSP_BuildAuxHdr2
             Ent   SSP_BuildNonce
             Ent   SSP_GetMacTags
             Ent   SSP_GetMicLen
             Ent   SSP_GetMicLenProc
             Ent   SSP_GetNwkKey
             Ent   SSP_GetTrueRand
             Ent   SSP_GetTrueRandAES
             Ent   SSP_Init
             Ent   SSP_KeyedHash
             Ent   SSP_MemCpyReverse
             Ent   SSP_NwkSecurity
             Ent   SSP_NwkSecurityProc
             Ent   SSP_ParseAuxHdr
             Ent   SSP_Process
             Ent   SSP_ReadNwkActiveKey
             Ent   SSP_StoreRandomSeedNV
             Ent   SSP_SwitchNwkKey
             Ent   SSP_UpdateNwkKey
             Ent   __Constant_1
             Ent   __Constant_3e8
             Ent   __Constant_ffffffff
             Ent   apsGenerateAck
             Ent   apsGroupTable
             Ent   apsProcessAck
             Ent   aps_AddGroup
             Ent   aps_CountAllGroups
             Ent   aps_CountGroups
             Ent   aps_FindAllGroupsForEndpoint
             Ent   aps_FindGroup
             Ent   aps_FindGroupForEndpoint
             Ent   aps_GroupsInitNV
             Ent   aps_GroupsRestoreFromNV
             Ent   aps_GroupsSetDefaultNV
             Ent   aps_GroupsWriteNV
             Ent   aps_RemoveAllGroup
             Ent   aps_RemoveGroup
             Ent   apsfProcessAck
             Ent   apsfSendFragmented
             Ent   apsfSendOsalMsg
             Ent   ccmStar
             Ent   nwkFrameCounter
             Ent   nwkFrameCounterChanges
             Ent   pAPSF_IgnoreBlock
             Ent   pAPS_BindingTimeoutCB
             Ent   pAPS_DataConfirmReflect
             Ent   pAPS_DataIndReflect
             Ent   pAPS_GetBind
             Ent   pAPS_UnBind
             Ent   reflectTrack_RemoveEntryNotify
             Ent   sspAesDecrypt
             Ent   sspAesEncrypt
             Ent   sspMMOHash
       2.  Lib  APSMEDE
       3.  Lib  APSMEDE_CB
       4.  Lib  AddrMgr
             Ent   AddrMgrEntryAddRef::?relay
             Ent   AddrMgrEntryGet::?relay
             Ent   AddrMgrEntryLookupExt::?relay
             Ent   AddrMgrEntryLookupNwk::?relay
             Ent   AddrMgrEntryRelease::?relay
             Ent   AddrMgrEntryUpdate::?relay
             Ent   AddrMgrExtAddrEqual::?relay
             Ent   AddrMgrExtAddrLookup::?relay
             Ent   AddrMgrExtAddrSet::?relay
             Ent   AddrMgrExtAddrValid::?relay
             Ent   AddrMgrInit::?relay
             Ent   AddrMgrInitNV::?relay
             Ent   AddrMgrIsFull::?relay
             Ent   AddrMgrNwkAddrLookup::?relay
             Ent   AddrMgrReset::?relay
             Ent   AddrMgrRestoreFromNV::?relay
             Ent   AddrMgrSetDefaultNV::?relay
             Ent   AddrMgrWriteNV::?relay
             Ent   AssocAddNew::?relay
             Ent   AssocChangeNwkAddr::?relay
             Ent   AssocCheckDupNeighbors::?relay
             Ent   AssocChildAging::?relay
             Ent   AssocChildTableManagement::?relay
             Ent   AssocChildTableUpdateTimeout::?relay
             Ent   AssocCount::?relay
             Ent   AssocFindDevice::?relay
             Ent   AssocGetNextChildNode::?relay
             Ent   AssocGetNextInactiveNode::?relay
             Ent   AssocGetWithAddress::?relay
             Ent   AssocGetWithExt::?relay
             Ent   AssocGetWithShort::?relay
             Ent   AssocInit::?relay
             Ent   AssocInitNV::?relay
             Ent   AssocIsChild::?relay
             Ent   AssocIsParent::?relay
             Ent   AssocIsRFChild::?relay
             Ent   AssocMakeList::?relay
             Ent   AssocMatchDeviceStatus::?relay
             Ent   AssocRemove::?relay
             Ent   AssocReset::?relay
             Ent   AssocRestoreFromNV::?relay
             Ent   AssocSetDefaultNV::?relay
             Ent   AssocWriteNV::?relay
             Ent   NLDE_DataCnf::?relay
             Ent   NLDE_DataIndication::?relay
             Ent   NLDE_DataReq::?relay
             Ent   NLDE_DataReqAlloc::?relay
             Ent   NLME_ConcentratorIndication::?relay
             Ent   NLME_CoordStartPANIDConflictCB::?relay
             Ent   NLME_CoordinatorInit::?relay
             Ent   NLME_DeviceJoiningInit::?relay
             Ent   NLME_DirectJoinRequest::?relay
             Ent   NLME_DirectJoinRequestWithAddr::?relay
             Ent   NLME_EDScanConfirm::?relay
             Ent   NLME_EDScanRequest::?relay
             Ent   NLME_GetRequest::?relay
             Ent   NLME_InitStochasticAddressing::?relay
             Ent   NLME_InitTreeAddressing::?relay
             Ent   NLME_JoinConfirm::?relay
             Ent   NLME_JoinIndication::?relay
             Ent   NLME_JoinRequest::?relay
             Ent   NLME_LeaveCnf::?relay
             Ent   NLME_LeaveInd::?relay
             Ent   NLME_LeaveReq::?relay
             Ent   NLME_LeaveRsp::?relay
             Ent   NLME_NetworkDiscoveryConfirm::?relay
             Ent   NLME_NetworkDiscoveryRequest::?relay
             Ent   NLME_NetworkFormationConfirm::?relay
             Ent   NLME_NetworkFormationRequest::?relay
             Ent   NLME_NetworkStatusCB::?relay
             Ent   NLME_NwkDiscReq2::?relay
             Ent   NLME_NwkDiscTerm::?relay
             Ent   NLME_OrphanJoinRequest::?relay
             Ent   NLME_PermitJoiningEvent::?relay
             Ent   NLME_PermitJoiningRequest::?relay
             Ent   NLME_PollConfirm::?relay
             Ent   NLME_ReJoinRequest::?relay
             Ent   NLME_ReJoinRequestUnsecure::?relay
             Ent   NLME_ResetRequest::?relay
             Ent   NLME_RouteDiscoveryIndication::?relay
             Ent   NLME_RouteDiscoveryRequest::?relay
             Ent   NLME_SetRequest::?relay
             Ent   NLME_StartRouterConfirm::?relay
             Ent   NLME_StartRouterRequest::?relay
             Ent   NLME_SyncIndication::?relay
             Ent   NLME_SyncRequest::?relay
             Ent   NLME_beaconNotifyInd::?relay
             Ent   RTG_AddSrcRtgEntry_Guaranteed::?relay
             Ent   RTG_AllocNewAddress::?relay
             Ent   RTG_BcastAdd::?relay
             Ent   RTG_BcastChk::?relay
             Ent   RTG_BcastDel::?relay
             Ent   RTG_BcastTimerHandler::?relay
             Ent   RTG_CalcTreeAddress::?relay
             Ent   RTG_CheckRtStatus::?relay
             Ent   RTG_ChildGetNextHop::?relay
             Ent   RTG_DataReq::?relay
             Ent   RTG_DeAllocStochasticAddress::?relay
             Ent   RTG_DeAllocTreeAddress::?relay
             Ent   RTG_FillCSkipTable::?relay
             Ent   RTG_GetAncestors::?relay
             Ent   RTG_GetNextHop::?relay
             Ent   RTG_GetNextTreeHop::?relay
             Ent   RTG_GetRtgEntry::?relay
             Ent   RTG_GetRtgSrcEntry::?relay
             Ent   RTG_GetStochastic::?relay
             Ent   RTG_GetTreeRoute::?relay
             Ent   RTG_Init::?relay
             Ent   RTG_IsAncestor::?relay
             Ent   RTG_MTORouteReq::?relay
             Ent   RTG_ProcessRrec::?relay
             Ent   RTG_ProcessRrep::?relay
             Ent   RTG_ProcessRreq::?relay
             Ent   RTG_ProcessRtDiscBits::?relay
             Ent   RTG_RemoveRtgEntry::?relay
             Ent   RTG_RouteMaintanence::?relay
             Ent   RTG_RtgRecordInitiation::?relay
             Ent   RTG_SendBrokenRoute::?relay
             Ent   RTG_SendNextEDMsg::?relay
             Ent   RTG_SendRErr::?relay
             Ent   RTG_SrcGetNextHop::?relay
             Ent   RTG_TimerEvent::?relay
             Ent   RTG_ValidateSrcRtg::?relay
             Ent   RTG_initRtgTable::?relay
             Ent   RTG_nextHopIsBad::?relay
             Ent   reflectTrack_AddNewEntry::?relay
             Ent   reflectTrack_AddToEnd::?relay
             Ent   reflectTrack_FindEntry::?relay
             Ent   reflectTrack_FindEntryStatus::?relay
             Ent   reflectTrack_FindHandle::?relay
             Ent   reflectTrack_GetNewEntry::?relay
             Ent   reflectTrack_NumEntries::?relay
             Ent   reflectTrack_RemoveEntry::?relay
             Ent   reflectTrack_SetMaxEntries::?relay
             Ent   reflectTrack_UpdateOption::?relay
             Ent   reflectTracking_FillInFailed::?relay
             Ent   reflectTracking_GetMaxIndirect::?relay
             Ent   reflectTracking_GetMaxIndirectAdjusted::?relay
             Ent   reflectTracking_GetMaxSimultaneous::?relay
             Ent   reflectTracking_GetMaxSimultaneousAdjusted::?relay
             Ent   reflectTracking_GetNumDelivered::?relay
             Ent   reflectTracking_GetNumFailed::?relay
             Ent   reflectTracking_SetMaxIndirect::?relay
             Ent   reflectTracking_SetMaxSimultaneous::?relay
             Ent   AddrMgrEntryAddRef
             Ent   AddrMgrEntryGet
             Ent   AddrMgrEntryLookupExt
             Ent   AddrMgrEntryLookupNwk
             Ent   AddrMgrEntryRelease
             Ent   AddrMgrEntryUpdate
             Ent   AddrMgrExtAddrEqual
             Ent   AddrMgrExtAddrLookup
             Ent   AddrMgrExtAddrSet
             Ent   AddrMgrExtAddrValid
             Ent   AddrMgrInit
             Ent   AddrMgrInitNV
             Ent   AddrMgrIsFull
             Ent   AddrMgrNwkAddrLookup
             Ent   AddrMgrReset
             Ent   AddrMgrRestoreFromNV
             Ent   AddrMgrSetDefaultNV
             Ent   AddrMgrWriteNV
             Ent   AssocAddNew
             Ent   AssocChangeNwkAddr
             Ent   AssocCheckDupNeighbors
             Ent   AssocChildAging
             Ent   AssocChildTableManagement
             Ent   AssocChildTableUpdateTimeout
             Ent   AssocCount
             Ent   AssocFindDevice
             Ent   AssocGetNextChildNode
             Ent   AssocGetNextInactiveNode
             Ent   AssocGetWithAddress
             Ent   AssocGetWithExt
             Ent   AssocGetWithShort
             Ent   AssocInit
             Ent   AssocInitNV
             Ent   AssocIsChild
             Ent   AssocIsParent
             Ent   AssocIsRFChild
             Ent   AssocMakeList
             Ent   AssocMatchDeviceStatus
             Ent   AssocRemove
             Ent   AssocReset
             Ent   AssocRestoreFromNV
             Ent   AssocSetDefaultNV
             Ent   AssocWriteNV
             Ent   NLDE_DataCnf
             Ent   NLDE_DataIndication
             Ent   NLDE_DataReq
             Ent   NLDE_DataReqAlloc
             Ent   NLME_AssocPermission
             Ent   NLME_ConcentratorIndication
             Ent   NLME_CoordStartPANIDConflictCB
             Ent   NLME_CoordinatorInit
             Ent   NLME_DeviceJoiningInit
             Ent   NLME_DirectJoinRequest
             Ent   NLME_DirectJoinRequestWithAddr
             Ent   NLME_EDScanConfirm
             Ent   NLME_EDScanRequest
             Ent   NLME_GetRequest
             Ent   NLME_InitStochasticAddressing
             Ent   NLME_InitTreeAddressing
             Ent   NLME_JoinConfirm
             Ent   NLME_JoinIndication
             Ent   NLME_JoinRequest
             Ent   NLME_LeaveCnf
             Ent   NLME_LeaveInd
             Ent   NLME_LeaveReq
             Ent   NLME_LeaveRsp
             Ent   NLME_NetworkDiscoveryConfirm
             Ent   NLME_NetworkDiscoveryRequest
             Ent   NLME_NetworkFormationConfirm
             Ent   NLME_NetworkFormationRequest
             Ent   NLME_NetworkStatusCB
             Ent   NLME_NwkDiscReq2
             Ent   NLME_NwkDiscTerm
             Ent   NLME_OrphanJoinRequest
             Ent   NLME_PermitJoining
             Ent   NLME_PermitJoiningEvent
             Ent   NLME_PermitJoiningRequest
             Ent   NLME_PollConfirm
             Ent   NLME_ReJoinRequest
             Ent   NLME_ReJoinRequestUnsecure
             Ent   NLME_ResetRequest
             Ent   NLME_RouteDiscoveryIndication
             Ent   NLME_RouteDiscoveryRequest
             Ent   NLME_ScanFields
             Ent   NLME_SetRequest
             Ent   NLME_StartRouterConfirm
             Ent   NLME_StartRouterRequest
             Ent   NLME_SyncIndication
             Ent   NLME_SyncRequest
             Ent   NLME_beaconNotifyInd
             Ent   RTG_AddSrcRtgEntry_Guaranteed
             Ent   RTG_AllocNewAddress
             Ent   RTG_BcastAdd
             Ent   RTG_BcastChk
             Ent   RTG_BcastDel
             Ent   RTG_BcastTimerHandler
             Ent   RTG_CalcTreeAddress
             Ent   RTG_CheckRtStatus
             Ent   RTG_ChildGetNextHop
             Ent   RTG_DataReq
             Ent   RTG_DeAllocStochasticAddress
             Ent   RTG_DeAllocTreeAddress
             Ent   RTG_FillCSkipTable
             Ent   RTG_GetAncestors
             Ent   RTG_GetNextHop
             Ent   RTG_GetNextTreeHop
             Ent   RTG_GetRtgEntry
             Ent   RTG_GetRtgSrcEntry
             Ent   RTG_GetStochastic
             Ent   RTG_GetTreeRoute
             Ent   RTG_Init
             Ent   RTG_IsAncestor
             Ent   RTG_MTORouteReq
             Ent   RTG_ProcessRrec
             Ent   RTG_ProcessRrep
             Ent   RTG_ProcessRreq
             Ent   RTG_ProcessRtDiscBits
             Ent   RTG_RemoveRtgEntry
             Ent   RTG_RouteMaintanence
             Ent   RTG_RtgRecordInitiation
             Ent   RTG_SendBrokenRoute
             Ent   RTG_SendNextEDMsg
             Ent   RTG_SendRErr
             Ent   RTG_SrcGetNextHop
             Ent   RTG_TimerEvent
             Ent   RTG_ValidateSrcRtg
             Ent   RTG_initRtgTable
             Ent   RTG_nextHopIsBad
             Ent   __Constant_3e8
             Ent   __Constant_64
             Ent   pNLME_NetworkFormationConfirm
             Ent   pRTG_CalcAddress
             Ent   pRTG_DeAllocAddress
             Ent   pRTG_FinishGetNextHop
             Ent   pRTG_GetAncestors
             Ent   pRTG_GetNextTreeHop
             Ent   pRTG_GetTreeRoute
             Ent   pnwk_ScanJoiningOrphan
             Ent   pnwk_ScanPANChanSelect
             Ent   pnwk_ScanPANChanVerify
             Ent   reflectTrack_AddNewEntry
             Ent   reflectTrack_AddToEnd
             Ent   reflectTrack_FindEntry
             Ent   reflectTrack_FindEntryStatus
             Ent   reflectTrack_FindHandle
             Ent   reflectTrack_GetNewEntry
             Ent   reflectTrack_NumEntries
             Ent   reflectTrack_RemoveEntry
             Ent   reflectTrack_SetMaxEntries
             Ent   reflectTrack_UpdateOption
             Ent   reflectTracking_FillInFailed
             Ent   reflectTracking_GetMaxIndirect
             Ent   reflectTracking_GetMaxIndirectAdjusted
             Ent   reflectTracking_GetMaxSimultaneous
             Ent   reflectTracking_GetMaxSimultaneousAdjusted
             Ent   reflectTracking_GetNumDelivered
             Ent   reflectTracking_GetNumFailed
             Ent   reflectTracking_SetMaxIndirect
             Ent   reflectTracking_SetMaxSimultaneous
             Ent   rreqCounter
             Ent   savedResponseRate
       5.  Lib  AssocList
       6.  Lib  NLMEDE
       7.  Lib  NLMEDE_CB
       8.  Lib  aps_frag
       9.  Lib  aps_groups
      10.  Lib  aps_util
      11.  Lib  nwk
             Ent   NLDE_BuildSrcRtgFrame::?relay
             Ent   NLDE_CheckForAddrConflict::?relay
             Ent   NLDE_CheckFrameSecurity::?relay
             Ent   NLDE_DataIndSend::?relay
             Ent   NLDE_DataReqSend::?relay
             Ent   NLDE_GetHandle::?relay
             Ent   NLDE_ParseFrameControl::?relay
             Ent   NLDE_ParseMsg2::?relay
             Ent   NLDE_ParseMsg::?relay
             Ent   NLDE_SendMsg::?relay
             Ent   NLME_AddressConflictAssignNewStochastic::?relay
             Ent   NLME_CheckNewAddrSet::?relay
             Ent   NLME_CmdBcast::?relay
             Ent   NLME_CmdCnf::?relay
             Ent   NLME_CmdDataReqAlloc::?relay
             Ent   NLME_GetCoordExtAddr::?relay
             Ent   NLME_GetCoordShortAddr::?relay
             Ent   NLME_GetEnergyThreshold::?relay
             Ent   NLME_GetExtAddr::?relay
             Ent   NLME_GetProtocolVersion::?relay
             Ent   NLME_GetShortAddr::?relay
             Ent   NLME_InitLinkStatus::?relay
             Ent   NLME_InitNV::?relay
             Ent   NLME_IsAddressBroadcast::?relay
             Ent   NLME_LeaveCmdProcess::?relay
             Ent   NLME_LeaveCmdSend::?relay
             Ent   NLME_LeaveCmdSendDirectly::?relay
             Ent   NLME_NwkStatusAddrConflictProcess::?relay
             Ent   NLME_ProcessAddressConflictLocal::?relay
             Ent   NLME_ProcessLinkStatus::?relay
             Ent   NLME_ProcessNetworkReport::?relay
             Ent   NLME_ProcessNetworkStatus::?relay
             Ent   NLME_ProcessNetworkUpdate::?relay
             Ent   NLME_ReadNwkKeyInfo::?relay
             Ent   NLME_RejoinReqCmdProcess::?relay
             Ent   NLME_RejoinRspCmdProcess::?relay
             Ent   NLME_RejoinRspSend::?relay
             Ent   NLME_RemoveChild::?relay
             Ent   NLME_ReportAddressConflict::?relay
             Ent   NLME_RestoreFromNV::?relay
             Ent   NLME_SendLinkStatus::?relay
             Ent   NLME_SendNetworkReport::?relay
             Ent   NLME_SendNetworkStatus::?relay
             Ent   NLME_SendNetworkUpdate::?relay
             Ent   NLME_SetAssocFlags::?relay
             Ent   NLME_SetBroadcastFilter::?relay
             Ent   NLME_SetDefaultNV::?relay
             Ent   NLME_SetEnergyThreshold::?relay
             Ent   NLME_SetLinkStatusTimer::?relay
             Ent   NLME_SetPollRate::?relay
             Ent   NLME_SetQueuedPollRate::?relay
             Ent   NLME_SetResponseRate::?relay
             Ent   NLME_SetUpdateID::?relay
             Ent   NLME_UpdateLinkStatus::?relay
             Ent   NLME_UpdateNV::?relay
             Ent   NwkFreqAgilityInit::?relay
             Ent   NwkInitChildAging::?relay
             Ent   NwkNotMyChildListAdd::?relay
             Ent   NwkNotMyChildListAging::?relay
             Ent   NwkNotMyChildListDelete::?relay
             Ent   NwkNotMyChildListInit::?relay
             Ent   NwkNotMyChildSendLeave::?relay
             Ent   NwkPollReq::?relay
             Ent   RTG_UpdateNeighborEntry::?relay
             Ent   nlmeConflictedAddr::?relay
             Ent   nwkAddPanId::?relay
             Ent   nwkBuildDataCnf::?relay
             Ent   nwkChangePanID::?relay
             Ent   nwkConvertLqiToCost::?relay
             Ent   nwkCreateDuplicateNV::?relay
             Ent   nwkDB_Add::?relay
             Ent   nwkDB_CountIndirectHold::?relay
             Ent   nwkDB_CountTypes::?relay
             Ent   nwkDB_CreateHdr::?relay
             Ent   nwkDB_DeleteRecAll::?relay
             Ent   nwkDB_FindDataPkt::?relay
             Ent   nwkDB_FindDstAddr::?relay
             Ent   nwkDB_FindHandle::?relay
             Ent   nwkDB_FindMatch::?relay
             Ent   nwkDB_FindNextType::?relay
             Ent   nwkDB_MaxIndirectSent::?relay
             Ent   nwkDB_RemoveFromList::?relay
             Ent   nwkDB_ReturnIndirectHoldingCnt::?relay
             Ent   nwkDB_UserDataLoad::?relay
             Ent   nwkFreePanIdList::?relay
             Ent   nwkHandleBrokenRoute::?relay
             Ent   nwkLinkStatusWithinRange::?relay
             Ent   nwkListStatusAddToSortedList::?relay
             Ent   nwkNeighborAdd::?relay
             Ent   nwkNeighborCheckAddr::?relay
             Ent   nwkNeighborClearEntry::?relay
             Ent   nwkNeighborCount::?relay
             Ent   nwkNeighborFind::?relay
             Ent   nwkNeighborFindEmptySlot::?relay
             Ent   nwkNeighborFindRandom::?relay
             Ent   nwkNeighborGetLinkInfo::?relay
             Ent   nwkNeighborGetWithIndex::?relay
             Ent   nwkNeighborInitTable::?relay
             Ent   nwkNeighborKeepPANID::?relay
             Ent   nwkNeighborRemove::?relay
             Ent   nwkNeighborRemoveAllStranded::?relay
             Ent   nwkNeighborUpdateAge::?relay
             Ent   nwkNeighborUpdateNwkAddr::?relay
             Ent   nwkProcessPanIdScan::?relay
             Ent   nwkSendLinkStatus::?relay
             Ent   nwkTransmissionFailures::?relay
             Ent   nwk_BeaconFromNative::?relay
             Ent   nwk_BeaconToNative::?relay
             Ent   nwk_ExtPANIDValid::?relay
             Ent   nwk_MacDataBuffersAdd::?relay
             Ent   nwk_MacDataBuffersDealloc::?relay
             Ent   nwk_MacDataBuffersFull::?relay
             Ent   nwk_ScanJoiningOrphan::?relay
             Ent   nwk_ScanPANChanSelect::?relay
             Ent   nwk_ScanPANChanVerify::?relay
             Ent   nwk_SendNextDataBuf::?relay
             Ent   nwk_broadcastReceive::?relay
             Ent   nwk_broadcastSend::?relay
             Ent   nwk_data_req_send::?relay
             Ent   nwk_desc_list_free::?relay
             Ent   nwk_event_loop::?relay
             Ent   nwk_getNetworkDesc::?relay
             Ent   nwk_getNwkDescList::?relay
             Ent   nwk_init::?relay
             Ent   nwk_send_direct_leave_req::?relay
             Ent   nwk_setStateIdle::?relay
             Ent   nwk_set_poll_evt::?relay
             Ent   nwk_start_coord::?relay
             Ent   nwk_stateIdle::?relay
             Ent   nwkbufs_hold::?relay
             Ent   nwkbufs_init::?relay
             Ent   nwkbufs_reset::?relay
             Ent   NLDE_BuildSrcRtgFrame
             Ent   NLDE_CheckForAddrConflict
             Ent   NLDE_CheckFrameSecurity
             Ent   NLDE_DataIndSend
             Ent   NLDE_DataReqSend
             Ent   NLDE_GetHandle
             Ent   NLDE_ParseFrameControl
             Ent   NLDE_ParseMsg
             Ent   NLDE_ParseMsg2
             Ent   NLDE_SendMsg
             Ent   NLME_AddressConflictAssignNewStochastic
             Ent   NLME_CheckNewAddrSet
             Ent   NLME_CmdBcast
             Ent   NLME_CmdCnf
             Ent   NLME_CmdDataReqAlloc
             Ent   NLME_GetCoordExtAddr
             Ent   NLME_GetCoordShortAddr
             Ent   NLME_GetEnergyThreshold
             Ent   NLME_GetExtAddr
             Ent   NLME_GetProtocolVersion
             Ent   NLME_GetShortAddr
             Ent   NLME_InitLinkStatus
             Ent   NLME_InitNV
             Ent   NLME_IsAddressBroadcast
             Ent   NLME_LeaveCmdProcess
             Ent   NLME_LeaveCmdSend
             Ent   NLME_LeaveCmdSendDirectly
             Ent   NLME_NwkStatusAddrConflictProcess
             Ent   NLME_ProcessAddressConflictLocal
             Ent   NLME_ProcessLinkStatus
             Ent   NLME_ProcessNetworkReport
             Ent   NLME_ProcessNetworkStatus
             Ent   NLME_ProcessNetworkUpdate
             Ent   NLME_ReadNwkKeyInfo
             Ent   NLME_RejoinReqCmdProcess
             Ent   NLME_RejoinRspCmdProcess
             Ent   NLME_RejoinRspSend
             Ent   NLME_RemoveChild
             Ent   NLME_ReportAddressConflict
             Ent   NLME_RestoreFromNV
             Ent   NLME_SendLinkStatus
             Ent   NLME_SendNetworkReport
             Ent   NLME_SendNetworkStatus
             Ent   NLME_SendNetworkUpdate
             Ent   NLME_SetAssocFlags
             Ent   NLME_SetBroadcastFilter
             Ent   NLME_SetDefaultNV
             Ent   NLME_SetEnergyThreshold
             Ent   NLME_SetLinkStatusTimer
             Ent   NLME_SetPollRate
             Ent   NLME_SetQueuedPollRate
             Ent   NLME_SetResponseRate
             Ent   NLME_SetUpdateID
             Ent   NLME_UpdateLinkStatus
             Ent   NLME_UpdateNV
             Ent   NWK_TaskID
             Ent   NwkDescList
             Ent   NwkFreqAgilityInit
             Ent   NwkInitChildAging
             Ent   NwkNotMyChildListAdd
             Ent   NwkNotMyChildListAging
             Ent   NwkNotMyChildListDelete
             Ent   NwkNotMyChildListInit
             Ent   NwkNotMyChildSendLeave
             Ent   NwkPollReq
             Ent   RTG_UpdateNeighborEntry
             Ent   _A_IEN0
             Ent   _NIB
             Ent   __Constant_0
             Ent   __Constant_1
             Ent   __Constant_2
             Ent   __Constant_3e8
             Ent   __Constant_64
             Ent   __Constant_ea60
             Ent   _savedRejoinRspAddr
             Ent   baseEDMaxEnergy
             Ent   nlmeConflictedAddr
             Ent   nsduHandleCounter
             Ent   nwkAddPanId
             Ent   nwkBuildDataCnf
             Ent   nwkChangePanID
             Ent   nwkConvertLqiToCost
             Ent   nwkCreateDuplicateNV
             Ent   nwkDB_Add
             Ent   nwkDB_CountIndirectHold
             Ent   nwkDB_CountTypes
             Ent   nwkDB_CreateHdr
             Ent   nwkDB_DeleteRecAll
             Ent   nwkDB_FindDataPkt
             Ent   nwkDB_FindDstAddr
             Ent   nwkDB_FindHandle
             Ent   nwkDB_FindMatch
             Ent   nwkDB_FindNextType
             Ent   nwkDB_MaxIndirectSent
             Ent   nwkDB_RemoveFromList
             Ent   nwkDB_ReturnIndirectHoldingCnt
             Ent   nwkDB_UserDataLoad
             Ent   nwkDataBufQueue
             Ent   nwkFreePanIdList
             Ent   nwkHandleBrokenRoute
             Ent   nwkLinkStatusWithinRange
             Ent   nwkListStatusAddToSortedList
             Ent   nwkMsgProcs
             Ent   nwkNeighborAdd
             Ent   nwkNeighborCheckAddr
             Ent   nwkNeighborClearEntry
             Ent   nwkNeighborCount
             Ent   nwkNeighborFind
             Ent   nwkNeighborFindEmptySlot
             Ent   nwkNeighborFindRandom
             Ent   nwkNeighborGetLinkInfo
             Ent   nwkNeighborGetWithIndex
             Ent   nwkNeighborInitTable
             Ent   nwkNeighborKeepPANID
             Ent   nwkNeighborRemove
             Ent   nwkNeighborRemoveAllStranded
             Ent   nwkNeighborUpdateAge
             Ent   nwkNeighborUpdateNwkAddr
             Ent   nwkNewPanId
             Ent   nwkProcessPanIdScan
             Ent   nwkSendLinkStatus
             Ent   nwkSendMTOReq
             Ent   nwkTransmissionFailures
             Ent   nwk_BeaconFromNative
             Ent   nwk_BeaconToNative
             Ent   nwk_ExtPANIDValid
             Ent   nwk_MacDataBuffersAdd
             Ent   nwk_MacDataBuffersDealloc
             Ent   nwk_MacDataBuffersFull
             Ent   nwk_ScanJoiningOrphan
             Ent   nwk_ScanPANChanSelect
             Ent   nwk_ScanPANChanVerify
             Ent   nwk_SendNextDataBuf
             Ent   nwk_beaconPayload
             Ent   nwk_beaconPayloadSize
             Ent   nwk_broadcastReceive
             Ent   nwk_broadcastSend
             Ent   nwk_data_req_send
             Ent   nwk_desc_list_free
             Ent   nwk_event_loop
             Ent   nwk_getNetworkDesc
             Ent   nwk_getNwkDescList
             Ent   nwk_init
             Ent   nwk_send_direct_leave_req
             Ent   nwk_setStateIdle
             Ent   nwk_set_poll_evt
             Ent   nwk_start_coord
             Ent   nwk_stateIdle
             Ent   nwkbufs_hold
             Ent   nwkbufs_init
             Ent   nwkbufs_reset
             Ent   pAssocChildAging
             Ent   pAssocChildTableUpdateTimeout
             Ent   pNLME_ProcessLinkStatus
             Ent   pNLME_SetLinkStatusTimer
             Ent   pNLME_UpdateLinkStatus
             Ent   pNwkFreqAgilityIncErrorCnt
             Ent   pNwkFreqAgilityIncTotalTx
             Ent   pNwkFreqAgilityScanCfg
             Ent   pNwkNotMyChildListAdd
             Ent   pNwkNotMyChildListAging
             Ent   pNwkNotMyChildListDelete
             Ent   pNwkNotMyChildListInit
             Ent   pNwkNotMyChildSendLeave
             Ent   pnwk_AssignNewAddr
             Ent   saveExtAddr
      12.  Lib  nwk_bufs
      13.  Lib  nwk_util
      14.  Lib  reflecttrack
      15.  Lib  rtg
      16.  Lib  ssp
      17.  Lib  ssp_hash

